// Jest Snapshot v1, https://goo.gl/fbAQLP

exports[`parseItemPage it returns correct details when given valid page 1`] = `
Array [
  Object {
    "description": "world",
    "icon": "some-url",
    "id": 1234,
    "members": false,
    "name": "hello",
  },
  Object {
    "description": "world",
    "icon": "some-url",
    "id": 1234,
    "members": true,
    "name": "hello",
  },
]
`;
